---
source: utoipa-gen/tests/schema_derive_test.rs
expression: value
---
{
  "minLength": 3,
  "type": "string"
}
