---
source: utoipa-gen/tests/schema_derive_test.rs
expression: value
---
{
  "maxLength": 32,
  "type": "string"
}
