---
source: utoipa-gen/tests/schema_derive_test.rs
expression: value
---
{
  "format": "int32",
  "maximum": 100,
  "minimum": 0,
  "type": "integer"
}
